flutter : Package shared_preferences:windows refe
rences shared_preferences_windows:windows as the 
default plugin, but the package does not exist, o
r is not a plugin package.
At line:1 char:1
+ flutter analyze --no-fatal-infos 2>&1 | Tee-Obj
ect -FilePath "errors. ...
+ ~~~~~~~~~~~~~~~~~~~~~~~~~~~~~~~~~~~~~
    + CategoryInfo          : NotSpecified: (Pac 
   kage shared_...plugin package.:String) [], R  
  emoteException
    + FullyQualifiedErrorId : NativeCommandError
 
Ask the maintainers of shared_preferences to eith
er avoid referencing a default implementation via
 `platforms: windows: default_package: shared_pre
ferences_windows` or create a plugin named shared
_preferences_windows.

Package shared_preferences:windows references sha
red_preferences_windows:windows as the default pl
ugin, but the package does not exist, or is not a
 plugin package.
Ask the maintainers of shared_preferences to eith
er avoid referencing a default implementation via
 `platforms: windows: default_package: shared_pre
ferences_windows` or create a plugin named shared
_preferences_windows.

Package shared_preferences:windows references sha
red_preferences_windows:windows as the default pl
ugin, but the package does not exist, or is not a
 plugin package.
Ask the maintainers of shared_preferences to eith
er avoid referencing a default implementation via
 `platforms: windows: default_package: shared_pre
ferences_windows` or create a plugin named shared
_preferences_windows.

Package shared_preferences:windows references sha
red_preferences_windows:windows as the default pl
ugin, but the package does not exist, or is not a
 plugin package.
Ask the maintainers of shared_preferences to eith
er avoid referencing a default implementation via
 `platforms: windows: default_package: shared_pre
ferences_windows` or create a plugin named shared
_preferences_windows.

Analyzing kresai...                                             

   info - The constant name 'TEST_LAB_MODE' isn't a lowerCamelCase identifier - lib\app.dart:12:12 - constant_identifier_names
   info - Dangling library doc comment - lib\config\api_config.dart:1:1 - dangling_library_doc_comments
warning - Unused import: 'package:flutter/material.dart' - lib\models\program.dart:1:8 - unused_import
warning - Unused import: 'package:kresai/screens/parent/daily_log_screen.dart' - lib\navigation\parent_shell.dart:4:8 - unused_import
   info - 'withOpacity' is deprecated and shouldn't be used. Use .withValues() to avoid precision loss - lib\screens\admin\teacher_approval_detail_screen.dart:148:65 - deprecated_member_use
   info - Unnecessary use of multiple underscores - lib\screens\admin\teacher_approvals_screen.dart:67:41 - unnecessary_underscores
   info - 'withOpacity' is deprecated and shouldn't be used. Use .withValues() to avoid precision loss - lib\screens\admin\teacher_approvals_screen.dart:73:67 - deprecated_member_use
   info - 'withOpacity' is deprecated and shouldn't be used. Use .withValues() to avoid precision loss - lib\screens\admin_dashboard.dart:68:65 - deprecated_member_use
   info - Unnecessary use of multiple underscores - lib\screens\common\notification_list_screen.dart:145:41 - unnecessary_underscores
   info - 'withOpacity' is deprecated and shouldn't be used. Use .withValues() to avoid precision loss - lib\screens\common\notification_list_screen.dart:149:80 - deprecated_member_use
   info - 'withOpacity' is deprecated and shouldn't be used. Use .withValues() to avoid precision loss - lib\screens\common\notification_list_screen.dart:152:73 - deprecated_member_use
   info - 'withOpacity' is deprecated and shouldn't be used. Use .withValues() to avoid precision loss - lib\screens\common\notification_preferences_screen.dart:31:43 - deprecated_member_use
   info - 'withOpacity' is deprecated and shouldn't be used. Use .withValues() to avoid precision loss - lib\screens\common\rejected_screen.dart:32:37 - deprecated_member_use
   info - 'withOpacity' is deprecated and shouldn't be used. Use .withValues() to avoid precision loss - lib\screens\onboarding\school_type_selection_screen.dart:137:50 - deprecated_member_use
   info - 'withOpacity' is deprecated and shouldn't be used. Use .withValues() to avoid precision loss - lib\screens\onboarding\school_type_selection_screen.dart:155:48 - deprecated_member_use
   info - 'withOpacity' is deprecated and shouldn't be used. Use .withValues() to avoid precision loss - lib\screens\parent\daily_log_screen.dart:270:49 - deprecated_member_use
   info - 'withOpacity' is deprecated and shouldn't be used. Use .withValues() to avoid precision loss - lib\screens\parent\daily_log_screen.dart:271:33 - deprecated_member_use
   info - Use the null-aware operator '?.' rather than an explicit 'null' comparison - lib\screens\parent\exam_list_screen.dart:180:26 - prefer_null_aware_operators
   info - 'withOpacity' is deprecated and shouldn't be used. Use .withValues() to avoid precision loss - lib\screens\parent\exam_list_screen.dart:244:53 - deprecated_member_use
   info - 'withOpacity' is deprecated and shouldn't be used. Use .withValues() to avoid precision loss - lib\screens\parent\exam_list_screen.dart:281:50 - deprecated_member_use
   info - 'withOpacity' is deprecated and shouldn't be used. Use .withValues() to avoid precision loss - lib\screens\parent\exam_list_screen.dart:323:54 - deprecated_member_use
   info - 'withOpacity' is deprecated and shouldn't be used. Use .withValues() to avoid precision loss - lib\screens\parent\exam_participation_screen.dart:391:42 - deprecated_member_use
   info - 'withOpacity' is deprecated and shouldn't be used. Use .withValues() to avoid precision loss - lib\screens\parent\exam_participation_screen.dart:424:59 - deprecated_member_use
   info - 'withOpacity' is deprecated and shouldn't be used. Use .withValues() to avoid precision loss - lib\screens\parent\exam_participation_screen.dart:454:38 - deprecated_member_use
   info - 'groupValue' is deprecated and shouldn't be used. Use a RadioGroup ancestor to manage group value instead. This feature was deprecated after v3.32.0-0.0.pre - lib\screens\parent\exam_participation_screen.dart:500:11 - deprecated_member_use
   info - 'onChanged' is deprecated and shouldn't be used. Use RadioGroup to handle value change instead. This feature was deprecated after v3.32.0-0.0.pre - lib\screens\parent\exam_participation_screen.dart:501:11 - deprecated_member_use
   info - 'withOpacity' is deprecated and shouldn't be used. Use .withValues() to avoid precision loss - lib\screens\parent\exam_participation_screen.dart:524:33 - deprecated_member_use
   info - 'withOpacity' is deprecated and shouldn't be used. Use .withValues() to avoid precision loss - lib\screens\parent\exam_participation_screen.dart:542:33 - deprecated_member_use
   info - 'withOpacity' is deprecated and shouldn't be used. Use .withValues() to avoid precision loss - lib\screens\parent\exam_participation_screen.dart:594:34 - deprecated_member_use
warning - Unused import: 'package:kresai/models/exam.dart' - lib\screens\parent\exam_result_screen.dart:2:8 - unused_import
   info - 'withOpacity' is deprecated and shouldn't be used. Use .withValues() to avoid precision loss - lib\screens\parent\exam_result_screen.dart:148:20 - deprecated_member_use
   info - 'withOpacity' is deprecated and shouldn't be used. Use .withValues() to avoid precision loss - lib\screens\parent\exam_result_screen.dart:190:44 - deprecated_member_use
   info - Unnecessary use of multiple underscores - lib\screens\parent\exam_result_screen.dart:330:37 - unnecessary_underscores
   info - 'withOpacity' is deprecated and shouldn't be used. Use .withValues() to avoid precision loss - lib\screens\parent\exam_result_screen.dart:363:32 - deprecated_member_use
   info - 'withOpacity' is deprecated and shouldn't be used. Use .withValues() to avoid precision loss - lib\screens\parent\exam_result_screen.dart:385:59 - deprecated_member_use
   info - 'withOpacity' is deprecated and shouldn't be used. Use .withValues() to avoid precision loss - lib\screens\parent\exam_result_screen.dart:395:47 - deprecated_member_use
   info - 'withOpacity' is deprecated and shouldn't be used. Use .withValues() to avoid precision loss - lib\screens\parent\exam_result_screen.dart:419:27 - deprecated_member_use
   info - 'withOpacity' is deprecated and shouldn't be used. Use .withValues() to avoid precision loss - lib\screens\parent\home_screen.dart:195:30 - deprecated_member_use
   info - 'withOpacity' is deprecated and shouldn't be used. Use .withValues() to avoid precision loss - lib\screens\parent\home_screen.dart:406:67 - deprecated_member_use
  error - The named parameter 'homeworkId' is required, but there's no corresponding argument - lib\screens\parent\homework_list_screen.dart:60:42 - missing_required_argument
  error - The named parameter 'studentId' is required, but there's no corresponding argument - lib\screens\parent\homework_list_screen.dart:60:42 - missing_required_argument
  error - Too many positional arguments: 0 expected, but 2 found - lib\screens\parent\homework_list_screen.dart:60:65 - extra_positional_arguments_could_be_named
warning - The '!' will have no effect because the receiver can't be null - lib\screens\parent\homework_list_screen.dart:60:92 - unnecessary_non_null_assertion
   info - Use the null-aware operator '?.' rather than an explicit 'null' comparison - lib\screens\parent\homework_list_screen.dart:105:26 - prefer_null_aware_operators
   info - 'withOpacity' is deprecated and shouldn't be used. Use .withValues() to avoid precision loss - lib\screens\parent\homework_list_screen.dart:227:34 - deprecated_member_use
   info - 'withOpacity' is deprecated and shouldn't be used. Use .withValues() to avoid precision loss - lib\screens\parent\homework_list_screen.dart:229:52 - deprecated_member_use
   info - 'withOpacity' is deprecated and shouldn't be used. Use .withValues() to avoid precision loss - lib\screens\parent\homework_list_screen.dart:285:39 - deprecated_member_use
   info - 'withOpacity' is deprecated and shouldn't be used. Use .withValues() to avoid precision loss - lib\screens\parent\homework_list_screen.dart:287:30 - deprecated_member_use
   info - 'withOpacity' is deprecated and shouldn't be used. Use .withValues() to avoid precision loss - lib\screens\parent\homework_list_screen.dart:289:37 - deprecated_member_use
   info - The private field _selectedPhotos could be 'final' - lib\screens\parent\homework_submission_screen.dart:33:14 - prefer_final_fields
warning - The '!' will have no effect because the receiver can't be null - lib\screens\parent\homework_submission_screen.dart:94:34 - unnecessary_non_null_assertion
warning - The '!' will have no effect because the receiver can't be null - lib\screens\parent\homework_submission_screen.dart:95:33 - unnecessary_non_null_assertion
  error - The named parameter 'id' isn't defined - lib\screens\parent\homework_submission_screen.dart:114:41 - undefined_named_parameter
  error - The named parameter 'id' isn't defined - lib\screens\parent\homework_submission_screen.dart:120:9 - undefined_named_parameter
warning - The '!' will have no effect because the receiver can't be null - lib\screens\parent\homework_submission_screen.dart:161:34 - unnecessary_non_null_assertion
warning - The '!' will have no effect because the receiver can't be null - lib\screens\parent\homework_submission_screen.dart:162:33 - unnecessary_non_null_assertion
   info - 'withOpacity' is deprecated and shouldn't be used. Use .withValues() to avoid precision loss - lib\screens\parent\homework_submission_screen.dart:220:42 - deprecated_member_use
   info - 'withOpacity' is deprecated and shouldn't be used. Use .withValues() to avoid precision loss - lib\screens\parent\homework_submission_screen.dart:291:51 - deprecated_member_use
   info - 'withOpacity' is deprecated and shouldn't be used. Use .withValues() to avoid precision loss - lib\screens\parent\homework_submission_screen.dart:413:43 - deprecated_member_use
   info - 'withOpacity' is deprecated and shouldn't be used. Use .withValues() to avoid precision loss - lib\screens\parent\homework_submission_screen.dart:562:59 - deprecated_member_use
   info - 'withOpacity' is deprecated and shouldn't be used. Use .withValues() to avoid precision loss - lib\screens\parent\live_screen.dart:218:41 - deprecated_member_use
   info - 'withOpacity' is deprecated and shouldn't be used. Use .withValues() to avoid precision loss - lib\screens\parent\pending_approval_screen.dart:65:46 - deprecated_member_use
   info - 'withOpacity' is deprecated and shouldn't be used. Use .withValues() to avoid precision loss - lib\screens\parent\settings_screen.dart:187:52 - deprecated_member_use
   info - Don't use 'BuildContext's across async gaps, guarded by an unrelated 'mounted' check - lib\screens\parent\settings_screen.dart:295:58 - use_build_context_synchronously
   info - 'withOpacity' is deprecated and shouldn't be used. Use .withValues() to avoid precision loss - lib\screens\parent\settings_screen.dart:322:42 - deprecated_member_use
   info - Don't use 'BuildContext's across async gaps, guarded by an unrelated 'mounted' check - lib\screens\parent\settings_screen.dart:370:39 - use_build_context_synchronously
   info - Unnecessary use of multiple underscores - lib\screens\parent_screens.dart:142:41 - unnecessary_underscores
   info - 'withOpacity' is deprecated and shouldn't be used. Use .withValues() to avoid precision loss - lib\screens\parent_screens.dart:149:44 - deprecated_member_use
   info - 'withOpacity' is deprecated and shouldn't be used. Use .withValues() to avoid precision loss - lib\screens\parent_screens.dart:185:75 - deprecated_member_use
   info - 'withOpacity' is deprecated and shouldn't be used. Use .withValues() to avoid precision loss - lib\screens\teacher\ai_settings_screen.dart:179:40 - deprecated_member_use
warning - The declaration '_getTypeIcon' isn't referenced - lib\screens\teacher\daily_log_screen.dart:232:12 - unused_element
   info - Unnecessary use of multiple underscores - lib\screens\teacher\daily_log_screen.dart:318:49 - unnecessary_underscores
   info - 'withOpacity' is deprecated and shouldn't be used. Use .withValues() to avoid precision loss - lib\screens\teacher\daily_log_screen.dart:384:37 - deprecated_member_use
   info - The private field _selectedFormats could be 'final' - lib\screens\teacher\exam_creation_screen.dart:32:16 - prefer_final_fields
warning - The '!' will have no effect because the receiver can't be null - lib\screens\teacher\exam_creation_screen.dart:139:37 - unnecessary_non_null_assertion
   info - 'withOpacity' is deprecated and shouldn't be used. Use .withValues() to avoid precision loss - lib\screens\teacher\exam_creation_screen.dart:289:47 - deprecated_member_use
   info - 'value' is deprecated and shouldn't be used. Use initialValue instead. This will set the initial value for the form field. This feature was deprecated after v3.33.0-1.0.pre - lib\screens\teacher\exam_creation_screen.dart:385:21 - deprecated_member_use
   info - 'value' is deprecated and shouldn't be used. Use initialValue instead. This will set the initial value for the form field. This feature was deprecated after v3.33.0-1.0.pre - lib\screens\teacher\exam_creation_screen.dart:407:21 - deprecated_member_use
   info - 'withOpacity' is deprecated and shouldn't be used. Use .withValues() to avoid precision loss - lib\screens\teacher\exam_creation_screen.dart:548:50 - deprecated_member_use
   info - 'withOpacity' is deprecated and shouldn't be used. Use .withValues() to avoid precision loss - lib\screens\teacher\exam_creation_screen.dart:853:65 - deprecated_member_use
   info - 'withOpacity' is deprecated and shouldn't be used. Use .withValues() to avoid precision loss - lib\screens\teacher\exam_management_screen.dart:136:51 - deprecated_member_use
   info - Use the null-aware operator '?.' rather than an explicit 'null' comparison - lib\screens\teacher\exam_management_screen.dart:195:26 - prefer_null_aware_operators
   info - 'withOpacity' is deprecated and shouldn't be used. Use .withValues() to avoid precision loss - lib\screens\teacher\exam_management_screen.dart:274:36 - deprecated_member_use
   info - 'withOpacity' is deprecated and shouldn't be used. Use .withValues() to avoid precision loss - lib\screens\teacher\exam_management_screen.dart:276:41 - deprecated_member_use
   info - 'withOpacity' is deprecated and shouldn't be used. Use .withValues() to avoid precision loss - lib\screens\teacher\exam_management_screen.dart:277:39 - deprecated_member_use
warning - The value of the local variable 'graded' isn't used - lib\screens\teacher\exam_management_screen.dart:329:23 - unused_local_variable
   info - 'withOpacity' is deprecated and shouldn't be used. Use .withValues() to avoid precision loss - lib\screens\teacher\exam_management_screen.dart:345:40 - deprecated_member_use
   info - 'withOpacity' is deprecated and shouldn't be used. Use .withValues() to avoid precision loss - lib\screens\teacher\exam_management_screen.dart:347:58 - deprecated_member_use
   info - 'withOpacity' is deprecated and shouldn't be used. Use .withValues() to avoid precision loss - lib\screens\teacher\exam_management_screen.dart:358:60 - deprecated_member_use
   info - Don't use 'BuildContext's across async gaps, guarded by an unrelated 'mounted' check - lib\screens\teacher\exam_management_screen.dart:551:40 - use_build_context_synchronously
   info - Don't use 'BuildContext's across async gaps, guarded by an unrelated 'mounted' check - lib\screens\teacher\exam_management_screen.dart:557:40 - use_build_context_synchronously
   info - Don't use 'BuildContext's across async gaps, guarded by an unrelated 'mounted' check - lib\screens\teacher\exam_management_screen.dart:590:40 - use_build_context_synchronously
   info - Don't use 'BuildContext's across async gaps, guarded by an unrelated 'mounted' check - lib\screens\teacher\exam_management_screen.dart:596:40 - use_build_context_synchronously
warning - Unused import: 'package:kresai/models/exam_submission.dart' - lib\screens\teacher\exam_report_screen.dart:3:8 - unused_import
warning - The value of the field '_submissionStore' isn't used - lib\screens\teacher\exam_report_screen.dart:26:9 - unused_field
  error - The argument type 'num Function(num, num)' can't be assigned to the parameter type 'dynamic Function(dynamic, dynamic)'.  - lib\screens\teacher\exam_report_screen.dart:318:14 - argument_type_not_assignable
   info - 'withOpacity' is deprecated and shouldn't be used. Use .withValues() to avoid precision loss - lib\screens\teacher\exam_report_screen.dart:385:42 - deprecated_member_use
   info - Unnecessary use of multiple underscores - lib\screens\teacher\exam_report_screen.dart:417:37 - unnecessary_underscores
   info - 'withOpacity' is deprecated and shouldn't be used. Use .withValues() to avoid precision loss - lib\screens\teacher\exam_report_screen.dart:451:36 - deprecated_member_use
   info - 'withOpacity' is deprecated and shouldn't be used. Use .withValues() to avoid precision loss - lib\screens\teacher\exam_report_screen.dart:502:42 - deprecated_member_use
   info - 'withOpacity' is deprecated and shouldn't be used. Use .withValues() to avoid precision loss - lib\screens\teacher\exam_report_screen.dart:577:42 - deprecated_member_use
   info - 'withOpacity' is deprecated and shouldn't be used. Use .withValues() to avoid precision loss - lib\screens\teacher\exam_report_screen.dart:631:31 - deprecated_member_use
   info - 'withOpacity' is deprecated and shouldn't be used. Use .withValues() to avoid precision loss - lib\screens\teacher\exam_review_screen.dart:117:39 - deprecated_member_use
   info - 'withOpacity' is deprecated and shouldn't be used. Use .withValues() to avoid precision loss - lib\screens\teacher\exam_review_screen.dart:119:49 - deprecated_member_use
warning - The value of the local variable 'finalScore' isn't used - lib\screens\teacher\exam_review_screen.dart:217:11 - unused_local_variable
   info - Unnecessary use of string interpolation - lib\screens\teacher\exam_review_screen.dart:229:15 - unnecessary_string_interpolations
   info - 'withOpacity' is deprecated and shouldn't be used. Use .withValues() to avoid precision loss - lib\screens\teacher\exam_review_screen.dart:248:50 - deprecated_member_use
   info - 'withOpacity' is deprecated and shouldn't be used. Use .withValues() to avoid precision loss - lib\screens\teacher\exam_review_screen.dart:249:41 - deprecated_member_use
   info - 'withOpacity' is deprecated and shouldn't be used. Use .withValues() to avoid precision loss - lib\screens\teacher\exam_review_screen.dart:257:61 - deprecated_member_use
   info - 'withOpacity' is deprecated and shouldn't be used. Use .withValues() to avoid precision loss - lib\screens\teacher\exam_review_screen.dart:287:48 - deprecated_member_use
   info - 'withOpacity' is deprecated and shouldn't be used. Use .withValues() to avoid precision loss - lib\screens\teacher\exam_review_screen.dart:319:28 - deprecated_member_use
   info - 'withOpacity' is deprecated and shouldn't be used. Use .withValues() to avoid precision loss - lib\screens\teacher\exam_review_screen.dart:340:57 - deprecated_member_use
   info - 'withOpacity' is deprecated and shouldn't be used. Use .withValues() to avoid precision loss - lib\screens\teacher\exam_review_screen.dart:417:30 - deprecated_member_use
   info - 'withOpacity' is deprecated and shouldn't be used. Use .withValues() to avoid precision loss - lib\screens\teacher\exam_review_screen.dart:419:49 - deprecated_member_use
   info - 'withOpacity' is deprecated and shouldn't be used. Use .withValues() to avoid precision loss - lib\screens\teacher\exam_review_screen.dart:527:30 - deprecated_member_use
   info - 'withOpacity' is deprecated and shouldn't be used. Use .withValues() to avoid precision loss - lib\screens\teacher\exam_review_screen.dart:529:49 - deprecated_member_use
   info - 'withOpacity' is deprecated and shouldn't be used. Use .withValues() to avoid precision loss - lib\screens\teacher\home_screen.dart:222:24 - deprecated_member_use
   info - 'withOpacity' is deprecated and shouldn't be used. Use .withValues() to avoid precision loss - lib\screens\teacher\home_screen.dart:224:43 - deprecated_member_use
   info - 'withOpacity' is deprecated and shouldn't be used. Use .withValues() to avoid precision loss - lib\screens\teacher\home_screen.dart:247:37 - deprecated_member_use
   info - 'withOpacity' is deprecated and shouldn't be used. Use .withValues() to avoid precision loss - lib\screens\teacher\home_screen.dart:306:22 - deprecated_member_use
   info - 'withOpacity' is deprecated and shouldn't be used. Use .withValues() to avoid precision loss - lib\screens\teacher\home_screen.dart:308:41 - deprecated_member_use
   info - 'withOpacity' is deprecated and shouldn't be used. Use .withValues() to avoid precision loss - lib\screens\teacher\home_screen.dart:577:46 - deprecated_member_use
   info - The private field _selectedFormats could be 'final' - lib\screens\teacher\homework_creation_screen.dart:28:24 - prefer_final_fields
warning - The value of the field '_isLoading' isn't used - lib\screens\teacher\homework_creation_screen.dart:34:8 - unused_field
warning - The '!' will have no effect because the receiver can't be null - lib\screens\teacher\homework_creation_screen.dart:124:37 - unnecessary_non_null_assertion
   info - 'withOpacity' is deprecated and shouldn't be used. Use .withValues() to avoid precision loss - lib\screens\teacher\homework_creation_screen.dart:261:47 - deprecated_member_use
   info - 'value' is deprecated and shouldn't be used. Use initialValue instead. This will set the initial value for the form field. This feature was deprecated after v3.33.0-1.0.pre - lib\screens\teacher\homework_creation_screen.dart:347:15 - deprecated_member_use
   info - 'withOpacity' is deprecated and shouldn't be used. Use .withValues() to avoid precision loss - lib\screens\teacher\homework_creation_screen.dart:457:50 - deprecated_member_use
   info - 'withOpacity' is deprecated and shouldn't be used. Use .withValues() to avoid precision loss - lib\screens\teacher\homework_creation_screen.dart:531:65 - deprecated_member_use
   info - 'withOpacity' is deprecated and shouldn't be used. Use .withValues() to avoid precision loss - lib\screens\teacher\homework_creation_screen.dart:536:65 - deprecated_member_use
warning - The '!' will have no effect because the receiver can't be null - lib\screens\teacher\homework_management_screen.dart:55:71 - unnecessary_non_null_assertion
   info - 'withOpacity' is deprecated and shouldn't be used. Use .withValues() to avoid precision loss - lib\screens\teacher\homework_management_screen.dart:95:51 - deprecated_member_use
   info - Use the null-aware operator '?.' rather than an explicit 'null' comparison - lib\screens\teacher\homework_management_screen.dart:152:26 - prefer_null_aware_operators
   info - 'withOpacity' is deprecated and shouldn't be used. Use .withValues() to avoid precision loss - lib\screens\teacher\homework_management_screen.dart:222:36 - deprecated_member_use
   info - 'withOpacity' is deprecated and shouldn't be used. Use .withValues() to avoid precision loss - lib\screens\teacher\homework_management_screen.dart:223:35 - deprecated_member_use
  error - The getter 'finalScore' isn't defined for the type 'HomeworkSubmission' - lib\screens\teacher\homework_management_screen.dart:267:57 - undefined_getter
  error - The getter 'finalScore' isn't defined for the type 'HomeworkSubmission' - lib\screens\teacher\homework_management_screen.dart:270:39 - undefined_getter
  error - The getter 'finalScore' isn't defined for the type 'HomeworkSubmission' - lib\screens\teacher\homework_management_screen.dart:271:60 - undefined_getter
   info - 'withOpacity' is deprecated and shouldn't be used. Use .withValues() to avoid precision loss - lib\screens\teacher\homework_management_screen.dart:279:38 - deprecated_member_use
   info - 'withOpacity' is deprecated and shouldn't be used. Use .withValues() to avoid precision loss - lib\screens\teacher\homework_management_screen.dart:281:56 - deprecated_member_use
  error - The named parameter 'homeworkId' is required, but there's no corresponding argument - lib\screens\teacher\homework_management_screen.dart:424:38 - missing_required_argument
  error - The named parameter 'updatedOption' is required, but there's no corresponding argument - lib\screens\teacher\homework_management_screen.dart:424:38 - missing_required_argument
  error - Too many positional arguments: 0 expected, but 1 found - lib\screens\teacher\homework_management_screen.dart:424:53 - extra_positional_arguments_could_be_named
   info - Don't use 'BuildContext's across async gaps, guarded by an unrelated 'mounted' check - lib\screens\teacher\homework_management_screen.dart:426:40 - use_build_context_synchronously
   info - Don't use 'BuildContext's across async gaps, guarded by an unrelated 'mounted' check - lib\screens\teacher\homework_management_screen.dart:432:40 - use_build_context_synchronously
   info - Statements in an if should be enclosed in a block - lib\screens\teacher\homework_report_screen.dart:86:30 - curly_braces_in_flow_control_structures
   info - Statements in an if should be enclosed in a block - lib\screens\teacher\homework_report_screen.dart:87:35 - curly_braces_in_flow_control_structures
   info - Statements in an if should be enclosed in a block - lib\screens\teacher\homework_report_screen.dart:88:35 - curly_braces_in_flow_control_structures
   info - Statements in an if should be enclosed in a block - lib\screens\teacher\homework_report_screen.dart:89:35 - curly_braces_in_flow_control_structures
   info - Statements in an if should be enclosed in a block - lib\screens\teacher\homework_report_screen.dart:90:14 - curly_braces_in_flow_control_structures
   info - 'withOpacity' is deprecated and shouldn't be used. Use .withValues() to avoid precision loss - lib\screens\teacher\homework_report_screen.dart:187:54 - deprecated_member_use
   info - 'withOpacity' is deprecated and shouldn't be used. Use .withValues() to avoid precision loss - lib\screens\teacher\homework_report_screen.dart:339:42 - deprecated_member_use
  error - The name 'HomeworkReportScreen' is already defined - lib\screens\teacher\homework_report_screen.dart:350:7 - duplicate_definition
warning - The declaration '_HomeworkReportScreenState' isn't referenced - lib\screens\teacher\homework_report_screen.dart:362:7 - unused_element
  error - The name '_HomeworkReportScreenState' is already defined - lib\screens\teacher\homework_report_screen.dart:362:7 - duplicate_definition
warning - The operand can't be 'null', so the condition is always 'true' - lib\screens\teacher\homework_report_screen.dart:379:25 - unnecessary_null_comparison
warning - The '!' will have no effect because the receiver can't be null - lib\screens\teacher\homework_report_screen.dart:383:40 - unnecessary_non_null_assertion
warning - Dead code - lib\screens\teacher\homework_report_screen.dart:393:12 - dead_code
warning - The operand can't be 'null', so the condition is always 'true' - lib\screens\teacher\homework_report_screen.dart:413:27 - unnecessary_null_comparison
warning - Dead code - lib\screens\teacher\homework_report_screen.dart:413:53 - dead_code
warning - The operand can't be 'null', so the condition is always 'true' - lib\screens\teacher\homework_report_screen.dart:420:38 - unnecessary_null_comparison
warning - Dead code - lib\screens\teacher\homework_report_screen.dart:422:21 - dead_code
   info - 'withOpacity' is deprecated and shouldn't be used. Use .withValues() to avoid precision loss - lib\screens\teacher\homework_report_screen.dart:478:54 - deprecated_member_use
   info - 'withOpacity' is deprecated and shouldn't be used. Use .withValues() to avoid precision loss - lib\screens\teacher\homework_report_screen.dart:680:54 - deprecated_member_use
   info - 'withOpacity' is deprecated and shouldn't be used. Use .withValues() to avoid precision loss - lib\screens\teacher\homework_report_screen.dart:740:43 - deprecated_member_use
   info - 'withOpacity' is deprecated and shouldn't be used. Use .withValues() to avoid precision loss - lib\screens\teacher\homework_report_screen.dart:799:42 - deprecated_member_use
   info - 'withOpacity' is deprecated and shouldn't be used. Use .withValues() to avoid precision loss - lib\screens\teacher\homework_review_screen.dart:115:46 - deprecated_member_use
   info - 'withOpacity' is deprecated and shouldn't be used. Use .withValues() to avoid precision loss - lib\screens\teacher\homework_review_screen.dart:232:65 - deprecated_member_use
  error - The named parameter 'onPressed' is required, but there's no corresponding argument - lib\screens\teacher\homework_review_screen.dart:448:11 - missing_required_argument
  error - Too many positional arguments: 0 expected, but 1 found - lib\screens\teacher\homework_review_screen.dart:449:13 - extra_positional_arguments_could_be_named
  error - Undefined name 'on' - lib\screens\teacher\homework_review_screen.dart:449:13 - undefined_identifier
  error - Expected to find ',' - lib\screens\teacher\homework_review_screen.dart:451:1 - expected_token
  error - The named parameter 'Pressed' isn't defined - lib\screens\teacher\homework_review_screen.dart:451:1 - undefined_named_parameter
  error - The named parameter 'gradedAt' isn't defined - lib\screens\teacher\homework_review_screen.dart:464:19 - undefined_named_parameter
   info - Don't use 'BuildContext's across async gaps, guarded by an unrelated 'mounted' check - lib\screens\teacher\homework_review_screen.dart:469:33 - use_build_context_synchronously
   info - Don't use 'BuildContext's across async gaps, guarded by an unrelated 'mounted' check - lib\screens\teacher\homework_review_screen.dart:470:40 - use_build_context_synchronously
   info - Don't use 'BuildContext's across async gaps, guarded by an unrelated 'mounted' check - lib\screens\teacher\homework_review_screen.dart:479:40 - use_build_context_synchronously
   info - 'withOpacity' is deprecated and shouldn't be used. Use .withValues() to avoid precision loss - lib\screens\teacher\live_screen.dart:203:31 - deprecated_member_use
   info - 'withOpacity' is deprecated and shouldn't be used. Use .withValues() to avoid precision loss - lib\screens\teacher\parent_approval_detail_screen.dart:148:65 - deprecated_member_use
   info - Unnecessary use of multiple underscores - lib\screens\teacher\parent_approvals_screen.dart:67:41 - unnecessary_underscores
   info - 'withOpacity' is deprecated and shouldn't be used. Use .withValues() to avoid precision loss - lib\screens\teacher\parent_approvals_screen.dart:73:67 - deprecated_member_use
   info - 'withOpacity' is deprecated and shouldn't be used. Use .withValues() to avoid precision loss - lib\screens\teacher\parent_approvals_screen.dart:96:55 - deprecated_member_use
   info - 'withOpacity' is deprecated and shouldn't be used. Use .withValues() to avoid precision loss - lib\screens\teacher\pending_approval_screen.dart:65:46 - deprecated_member_use
   info - 'withOpacity' is deprecated and shouldn't be used. Use .withValues() to avoid precision loss - lib\screens\teacher\program_upload_screen.dart:404:40 - deprecated_member_use
   info - 'withOpacity' is deprecated and shouldn't be used. Use .withValues() to avoid precision loss - lib\screens\teacher\program_upload_screen.dart:448:53 - deprecated_member_use
   info - 'withOpacity' is deprecated and shouldn't be used. Use .withValues() to avoid precision loss - lib\screens\teacher\share_screen.dart:160:38 - deprecated_member_use
   info - Don't use 'BuildContext's across async gaps - lib\screens\teacher\today_plan_screen.dart:127:30 - use_build_context_synchronously
   info - 'withOpacity' is deprecated and shouldn't be used. Use .withValues() to avoid precision loss - lib\screens\teacher\today_plan_screen.dart:400:22 - deprecated_member_use
   info - Unnecessary use of multiple underscores - lib\screens\teacher_screens.dart:141:41 - unnecessary_underscores
   info - 'withOpacity' is deprecated and shouldn't be used. Use .withValues() to avoid precision loss - lib\screens\teacher_screens.dart:153:75 - deprecated_member_use
   info - 'withOpacity' is deprecated and shouldn't be used. Use .withValues() to avoid precision loss - lib\screens\teacher_screens.dart:188:58 - deprecated_member_use
warning - Dead code - lib\services\app_config_store.dart:64:22 - dead_code
   info - Angle brackets will be interpreted as HTML - lib\services\daily_log_store.dart:96:45 - unintended_html_in_doc_comment
warning - The value of the field '_baseUrl' isn't used - lib\services\exam_ai_service.dart:75:23 - unused_field
warning - The value of the field '_model' isn't used - lib\services\exam_ai_service.dart:76:23 - unused_field
   info - Don't invoke 'print' in production code - lib\services\exam_ai_service.dart:141:13 - avoid_print
   info - Don't invoke 'print' in production code - lib\services\image_generation_service.dart:86:7 - avoid_print
  error - The name 'createSubmission' is already defined - lib\services\submission_store.dart:117:30 - duplicate_definition
warning - Unused import: 'package:kresai/models/homework.dart' - test\screens\homework_creation_screen_test.dart:3:8 - unused_import
warning - Unused import: 'package:kresai/models/homework_submission.dart' - test\screens\homework_creation_screen_test.dart:4:8 - unused_import
warning - Unused import: 'package:cloud_firestore/cloud_firestore.dart' - test\test_utils\firebase_test_setup.dart:1:8 - unused_import
warning - Unused import: 'package:firebase_core/firebase_core.dart' - test\test_utils\firebase_test_setup.dart:3:8 - unused_import
   info - 'setMockMethodCallHandler' is deprecated and shouldn't be used. Use tester.binding.defaultBinaryMessenger.setMockMethodCallHandler or TestDefaultBinaryMessengerBinding.instance.defaultBinaryMessenger.setMockMethodCallHandler instead. Pass the channel as the first argument. This feature was deprecated after v3.9.0-19.0.pre - test\test_utils\firebase_test_setup.dart:27:10 - deprecated_member_use
   info - 'setMockMethodCallHandler' is deprecated and shouldn't be used. Use tester.binding.defaultBinaryMessenger.setMockMethodCallHandler or TestDefaultBinaryMessengerBinding.instance.defaultBinaryMessenger.setMockMethodCallHandler instead. Pass the channel as the first argument. This feature was deprecated after v3.9.0-19.0.pre - test\test_utils\firebase_test_setup.dart:44:10 - deprecated_member_use
warning - Unused import: 'package:kresai/app.dart' - test\widget_test.dart:2:8 - unused_import
  error - The argument type 'String' can't be assigned to the parameter type 'bool?'.  - test\widget_test.dart:8:12 - argument_type_not_assignable
   info - Don't invoke 'print' in production code - test_homework_ai.dart:9:3 - avoid_print
   info - Don't invoke 'print' in production code - test_homework_ai.dart:12:3 - avoid_print
   info - Don't invoke 'print' in production code - test_homework_ai.dart:29:5 - avoid_print
   info - Don't invoke 'print' in production code - test_homework_ai.dart:32:7 - avoid_print
   info - Don't invoke 'print' in production code - test_homework_ai.dart:33:7 - avoid_print
   info - Don't invoke 'print' in production code - test_homework_ai.dart:34:7 - avoid_print
   info - Don't invoke 'print' in production code - test_homework_ai.dart:35:7 - avoid_print
   info - Don't invoke 'print' in production code - test_homework_ai.dart:37:5 - avoid_print
   info - Don't invoke 'print' in production code - test_homework_ai.dart:38:5 - avoid_print
   info - Don't invoke 'print' in production code - test_homework_ai.dart:40:5 - avoid_print
   info - Don't invoke 'print' in production code - test_homework_ai.dart:44:3 - avoid_print
   info - Don't invoke 'print' in production code - test_homework_ai.dart:45:3 - avoid_print
   info - Don't invoke 'print' in production code - test_homework_ai.dart:46:3 - avoid_print
   info - Don't invoke 'print' in production code - test_homework_ai.dart:48:3 - avoid_print
   info - Don't invoke 'print' in production code - test_homework_ai.dart:49:3 - avoid_print
   info - Don't invoke 'print' in production code - test_parent_registration.dart:64:3 - avoid_print

222 issues found. (ran in 47.2s)
